 #1 · 5/10 · PREFLOP                              POT 1,060
────────────────────────────────────────────────────────────
 5   Tara ˢᴮ ALL-IN  ▓▓▓▓  ● 300  all-in 300
 6   Nia ᴮᴮ ALL-IN  ▓▓▓▓  ● 700  all-in 700
 ✗   Cole ᵁᵀᴳ 1,000  · ·  folds
 ✗   Ivy ᴴᴶ 1,000  · ·  folds
 ✗   Sam ᶜᴼ 1,000  · ·  folds
 4 ► YOU ᴮᵀᴺ Ⓓ  1,940  7♥ 7♣  ● 60  raises to 60
────────────────────────────────────────────────────────────
 Board  ·  ·  ·  ·  ·                        pair of sevens
────────────────────────────────────────────────────────────
 COACH  Fold · to call 640 · 1.7:1 (38%)
────────────────────────────────────────────────────────────
  ▓ f FOLD ▓   ▓ c CALL 640 ▓




 your turn · fold or call
                               esc menu · ? help
