 Hand #1 . 6-max NLHE . blinds 5/10 . FLOP                         BTN . ? help

       Nia BB 990               Cole UTG 1,000           Ivy HJ 1,000
     ## ##                    . .                      . .
     checks                   folds                    folds

   Tara SB 990              +--+ +--+ +--+                   Sam CO 1,000
 ## ##                      [8h] [Jc] [Ts] [--] [--]       . .
 checks                     +--+ +--+ +--+                 folds
                                     POT 30

                            +--+ +--+
   ->YOU BTN(D)990          [7h] [7c]        pair of sevens
                            +--+ +--+
   calls 10  ? Inaccuracy . Raise to 25 was the play (-0.7bb)
--------------------------------------------------------------------------------
 COACH  Check
        Your hand: Pair of Sevens with Jack, Ten, and Eight kickers. You have
        about 52% equity against his likely range. I put him on ≈34% r~ [e more]
--------------------------------------------------------------------------------
 BET  min 10 |*--------------------------------------------| all-in 990
  1 1/3 10  2 1/2 15  3 2/3 20  4 pot 30  5 all-in       arrows nudge . 0-9 type
 enter bet 15 . esc cancel               Tara calls 15 . gets 3.0:1 (needs 25%)
                                                   esc menu . ? help
