 #1 · 5/10 · RIVER
────────────────────────────────────────────────────────────
  Tara ˢᴮ 1,020  T♣ 6♠  shows three of a kind, tens
  Nia ᴮᴮ 990  6♥ 2♥  shows pair of tens
  Cole ᵁᵀᴳ 1,000  · ·  folds
  Ivy ᴴᴶ 1,000  · ·  folds
  Sam ᶜᴼ 1,000  · ·  folds
  YOU ᴮᵀᴺ Ⓓ  990  7♥ 7♣  shows two pair, tens and sevens
────────────────────────────────────────────────────────────
 Board  8♥ J♣ T♠ T♦ 4♦            two pair, tens and sevens
────────────────────────────────────────────────────────────
 hand over · 3 Best, 1 Inaccuracy (-0.7bb) · v reviews
────────────────────────────────────────────────────────────





 hand complete · space deals the next · v reviews
                               esc menu · ? help · v review
