 Hand #1 · 6-max NLHE · blinds 5/10 · PREFLOP                      BTN · ? help

       Nia ᴮᴮ ALL-IN            Cole ᵁᵀᴳ 1,000           Ivy ᴴᴶ 1,000
     ▓▓ ▓▓  ● 700             · ·                      · ·
     all-in 700               folds                    folds

   Tara ˢᴮ ALL-IN                                            Sam ᶜᴼ 1,000
 ▓▓ ▓▓  ● 300                ·    ·    ·    ·    ·         · ·
 all-in 300                                                folds
          MAIN 180   ·   SIDE 480 (Tara · Nia)   ·   SIDE 2 400 (Nia)

                            ╭──╮ ╭──╮
   ► YOU ᴮᵀᴺ Ⓓ 1,940 ● 60   │7♥│ │7♣│        pair of sevens
                            ╰──╯ ╰──╯
   raises to 60  ✔ Good
────────────────────────────────────────────────────────────────────────────────
 COACH  Fold
        77 is not in the 4-bet chart — folding here costs nothing. The price
        is 1.7:1 — risk 640 to win 1,060 → need 38%. From the Button y… [e more]
────────────────────────────────────────────────────────────────────────────────
  f fold      c call 640                      to call 640 · pot odds 1.7:1 (38%)

 your turn · fold or call
                                                   esc menu · ? help
