 Hand #1 · 6-max NLHE · blinds 5/10 · RIVER                  BTN · ? help   ╭──────────────────────────╮
                                                                            │ COACH                    │
       Nia ᴮᴮ 990            Cole ᵁᵀᴳ 1,000        Ivy ᴴᴶ 1,000             │                          │
     6♥ 2♥                 · ·                   · ·                        │                          │
     shows pair of tens    folds                 folds                      │                          │
                                                                            │                          │
   Tara ˢᴮ 1,020         ╭──╮ ╭──╮ ╭──╮ ╭──╮ ╭──╮      Sam ᶜᴼ 1,000         │                          │
 T♣ 6♠                   │8♥│ │J♣│ │T♠│ │T♦│ │4♦│    · ·                    │                          │
 shows three of a ki…    ╰──╯ ╰──╯ ╰──╯ ╰──╯ ╰──╯    folds                  │                          │
                  POT 30 to Tara (three of a kind, tens)                    │                          │
                                                                            │                          │
                         ╭──╮ ╭──╮                                          │                          │
     YOU ᴮᵀᴺ Ⓓ 990       │7♥│ │7♣│        two pair, tens and sevens         │                          │
                         ╰──╯ ╰──╯                                          │                          │
   shows two pair, tens and sevens                                          │                          │
──────────────────────────────────────────────────────────────────────────  │                          │
 Nia checks                                                                 │                          │
 YOU checks                                                                 │                          │
──────────────────────────────────────────────────────────────────────────  │                          │
                                                                            │                          │
                                                                            │                          │
                                                                            │                          │
                                                                            │                          │
                                                                            │                          │
                                                                            │                          │
                                                                            │                          │
                                                                            │                          │
                                                                            │                          │
 hand complete · space deals the next · v reviews                           │                          │
                                             esc menu · ? help · v review   ╰──────────────────────────╯
