 Hand #1 · 6-max NLHE · blinds 5/10 · PREFLOP                BTN · ? help   ╭──────────────────────────╮
 ╭───────────────────────┤  ✗ Cole ᵁᵀᴳ · loose  ├───────────────────────╮   │ COACH                    │
 │                            1,000 ✗ folded                            │   │                          │
 │                            POT 25 to YOU                             │   │ hand over · 1 Best · v   │
 ├ ✗ Nia ᴮᴮ · solid ──╮                            ╭─ ✗ Ivy ᴴᴶ · sticky ┤   │ review                   │
 │ 990       ✗ folded │                            │ ✗ folded     1,000 │   │                          │
 ├────────────────────╯                            ╰────────────────────┤   │                          │
 │                     ·     ·     ·     ·     ·                        │   │                          │
 │                                                                      │   │                          │
 ├ ✗ Tara ˢᴮ · tight ─╮                            ╭─── ✗ Sam ᶜᴼ · wild ┤   │                          │
 │ 995       ✗ folded │                            │ ✗ folded     1,000 │   │                          │
 ├────────────────────╯        ╭───╮ ╭───╮         ╰────────────────────┤   │                          │
 │          pair of sevens ─   │7♥ │ │7♣ │  ─ flops a set about 1 in 8… │   │                          │
 │ raises to 25  ✔ Best        ╰───╯ ╰───╯                              │   │                          │
 ╰──────────────────────┤   4 YOU ᴮᵀᴺ Ⓓ  1,015   ├──────────────────────╯   │                          │
 order  ✗ Cole · ✗ Ivy · ✗ Sam · 4 YOU ▲ 25 · ✗ Tara · ✗ Nia                │                          │
──────────────────────────────────────────────────────────────────────────  │                          │
 Cole folds                                                                 │                          │
 Ivy folds                                                                  │                          │
 Sam folds                                                                  │                          │
 YOU raises to 25                                                           │                          │
 Tara folds                                                                 │                          │
 Nia folds                                                                  │                          │
──────────────────────────────────────────────────────────────────────────  │ ──────────────────────── │
  ▓ space DEAL NEXT ▓   ▓ v REVIEW ▓                                        │ SESSION                  │
                                                                            │ hands 1                  │
                                                                            │ decisions 100% good      │
                                                                            │ (1/1)                    │
 hand complete · space deals the next · v review                            │ net +15                  │
                                             esc menu · ? help · v review   ╰──────────────────────────╯
