 #1 · 5/10 · PREFLOP
────────────────────────────────────────────────────────────
 ✗   Tara ˢᴮ 995  · ·  ● 5  folds
 ✗   Nia ᴮᴮ 990  · ·  ● 10  folds
 ✗   Cole ᵁᵀᴳ 1,000  · ·  folds
 ✗   Ivy ᴴᴶ 1,000  · ·  folds
 ✗   Sam ᶜᴼ 1,000  · ·  folds
 4   YOU ᴮᵀᴺ Ⓓ  1,015  7♥ 7♣  ● 25  raises to 25
────────────────────────────────────────────────────────────
 Board  ·  ·  ·  ·  ·                        pair of sevens
────────────────────────────────────────────────────────────
 hand over · 1 Best · v review
────────────────────────────────────────────────────────────
  ▓ space DEAL NEXT ▓   ▓ v REVIEW ▓




 hand complete · space deals the next · v review
                               esc menu · ? help · v review
