 #1 · 5/10 · PREFLOP                                 POT 15
────────────────────────────────────────────────────────────
  Tara ˢᴮ 995  ▓▓▓▓  ● 5
  Nia ᴮᴮ 990  ▓▓▓▓  ● 10
  Cole ᵁᵀᴳ 1,000  · ·  folds
  Ivy ᴴᴶ 1,000  · ·  folds
  Sam ᶜᴼ 1,000  · ·  folds
► YOU ᴮᵀᴺ Ⓓ  1,000  7♥ 7♣
────────────────────────────────────────────────────────────
 Board  ·  ·  ·  ·  ·                        pair of sevens
────────────────────────────────────────────────────────────
 COACH  to call 10 · pot odds 1.5:1 (40%)
────────────────────────────────────────────────────────────
  f fold      c call 10      r raise…




 Your turn · fold, call, or raise
                               esc menu · ? help
