 Hand #1 · 6-max NLHE · blinds 5/10 · PREFLOP                      BTN · ? help
 ╭──────────────────────────┤  ✗ Cole ᵁᵀᴳ · loose  ├──────────────────────────╮
 │                               1,000 ✗ folded                               │
 │                               POT 25 to YOU                                │
 ├ ✗ Nia ᴮᴮ · solid ──╮                                  ╭─ ✗ Ivy ᴴᴶ · sticky ┤
 │ 990       ✗ folded │                                  │ ✗ folded     1,000 │
 ├────────────────────╯                                  ╰────────────────────┤
 │                        ·     ·     ·     ·     ·                           │
 ├ ✗ Tara ˢᴮ · tight ─╮                                  ╭─── ✗ Sam ᶜᴼ · wild ┤
 │ 995       ✗ folded │                                  │ ✗ folded     1,000 │
 ├────────────────────╯           ╭───╮ ╭───╮            ╰────────────────────┤
 │             pair of sevens ─   │7♥ │ │7♣ │  ─ flops a set about 1 in 8.5 … │
 │ raises to 25  ✔ Best           ╰───╯ ╰───╯                                 │
 ╰─────────────────────────┤   4 YOU ᴮᵀᴺ Ⓓ  1,015   ├─────────────────────────╯
 order  ✗ Cole · ✗ Ivy · ✗ Sam · 4 YOU ▲ 25 · ✗ Tara · ✗ Nia
────────────────────────────────────────────────────────────────────────────────
 hand over · 1 Best · v review
 session · hands 1 · decisions 100% good (1/1) · net +15

────────────────────────────────────────────────────────────────────────────────
  ▓ space DEAL NEXT ▓   ▓ v REVIEW ▓

 hand complete · space deals the next · v review
                                                   esc menu · ? help · v review
