 Hand #1 · 6-max NLHE · blinds 5/10 · PREFLOP                BTN · ? help   ╭──────────────────────────╮
                                                                            │ COACH                    │
       Nia ᴮᴮ ALL-IN         Cole ᵁᵀᴳ 1,000        Ivy ᴴᴶ 1,000             │                          │
     ▓▓ ▓▓  ● 700          · ·                   · ·                        │ Fold                     │
     all-in 700            folds                 folds                      │                          │
                                                                            │ 77 is not in the 4-bet   │
   Tara ˢᴮ ALL-IN                                      Sam ᶜᴼ 1,000         │ chart — folding here     │
 ▓▓ ▓▓  ● 300             ·    ·    ·    ·    ·      · ·                    │ costs nothing. The price │
 all-in 300                                          folds                  │ is 1.7:1 — risk 640 to   │
       MAIN 180   ·   SIDE 480 (Tara · Nia)   ·   SIDE 2 400 (Nia)          │ win 1,060 → need 38%.    │
                                                                            │ From the Button you act  │
                         ╭──╮ ╭──╮                                          │ last — position is       │
   ► YOU ᴮᵀᴺ Ⓓ 1,940 ● 60│7♥│ │7♣│        pair of sevens                    │ money.                   │
                         ╰──╯ ╰──╯                                          │                          │
   raises to 60                                                             │ Pot odds 1.7:1 (38%)     │
──────────────────────────────────────────────────────────────────────────  │                          │
 Tara all-in 300                                                            │                          │
 Nia all-in 700                                                             │                          │
──────────────────────────────────────────────────────────────────────────  │                          │
  f fold      c call 640                to call 640 · pot odds 1.7:1 (38%)  │                          │
                                                                            │                          │
                                                                            │                          │
                                                                            │                          │
                                                                            │                          │
                                                                            │                          │
                                                                            │                          │
                                                                            │                          │
                                                                            │                          │
 Your turn · fold or call                                                   │                          │
                                             esc menu · ? help              ╰──────────────────────────╯
