 #1 · 5/10 · RIVER
────────────────────────────────────────────────────────────
 1   Tara ˢᴮ 1,020  10♣ 6♠  shows three of a kind, tens
 2   Nia ᴮᴮ 990  6♥ 2♥  shows pair of tens
 ✗   Cole ᵁᵀᴳ 1,000  · ·  folds
 ✗   Ivy ᴴᴶ 1,000  · ·  folds
 ✗   Sam ᶜᴼ 1,000  · ·  folds
 6   YOU ᴮᵀᴺ Ⓓ  990  7♥ 7♣  shows two pair, tens and sevens
────────────────────────────────────────────────────────────
 Board  8♥  J♣  10♠ 10♦ 4♦        two pair, tens and sevens
────────────────────────────────────────────────────────────
 hand over · 3 Best, 1 Inaccuracy (-0.7bb) · v review
────────────────────────────────────────────────────────────
  ▓ space DEAL NEXT ▓   ▓ v REVIEW ▓




 hand complete · space deals the next · v review
                               esc menu · ? help · v review
