 Hand #1 · 6-max NLHE · blinds 5/10 · PREFLOP                BTN · ? help   ╭──────────────────────────╮
                                                                            │ COACH                    │
       Nia ᴮᴮ 990            Cole ᵁᵀᴳ 1,000        Ivy ᴴᴶ 1,000             │                          │
     ▓▓ ▓▓  ● 10           · ·                   · ·                        │ Raise to 25              │
                           folds                 folds                      │                          │
                                                                            │ 77 is in the BTN open    │
   Tara ˢᴮ 995                                         Sam ᶜᴼ 1,000         │ chart. From the Button   │
 ▓▓ ▓▓  ● 5               ·    ·    ·    ·    ·      · ·                    │ you act last —           │
                                                     folds                  │ position is money.       │
                                  POT 15                                    │                          │
                                                                            │ to call 10               │
                         ╭──╮ ╭──╮                                          │ pot odds 1.5:1 (40%)     │
   ► YOU ᴮᵀᴺ Ⓓ 1,000     │7♥│ │7♣│        pair of sevens                    │                          │
                         ╰──╯ ╰──╯                                          │                          │
                                                                            │                          │
──────────────────────────────────────────────────────────────────────────  │                          │
 Ivy folds                                                                  │                          │
 Sam folds                                                                  │                          │
──────────────────────────────────────────────────────────────────────────  │                          │
  f fold      c call 10      r raise…    to call 10 · pot odds 1.5:1 (40%)  │                          │
                                                                            │                          │
                                                                            │                          │
                                                                            │                          │
                                                                            │                          │
                                                                            │                          │
                                                                            │                          │
                                                                            │                          │
                                                                            │                          │
 Your turn · fold, call, or raise                                           │                          │
                                             esc menu · ? help              ╰──────────────────────────╯
